2020/01/16 00:11:48 [error] 11#0: *4 open() "/usr/share/nginx/html/favicon.ico" failed (2: No such file or directory), client: 172.21.0.1, server: _, request: "GET /favicon.ico HTTP/1.1", host: "127.0.0.1:8080", referrer: "http://127.0.0.1:8080/"
2020/01/16 00:12:44 [error] 10#0: *6 directory index of "/usr/share/nginx/html/" is forbidden, client: 172.21.0.1, server: _, request: "GET / HTTP/1.1", host: "dolphin-72.com:8080"
2020/01/16 00:12:44 [error] 10#0: *6 open() "/usr/share/nginx/html/favicon.ico" failed (2: No such file or directory), client: 172.21.0.1, server: _, request: "GET /favicon.ico HTTP/1.1", host: "dolphin-72.com:8080", referrer: "http://dolphin-72.com:8080/"
2020/01/16 00:14:02 [error] 9#0: *2 directory index of "/usr/share/nginx/html/" is forbidden, client: 172.23.0.1, server: _, request: "GET / HTTP/1.1", host: "127.0.0.1:8081"
2020/01/16 00:14:02 [error] 9#0: *2 open() "/usr/share/nginx/html/favicon.ico" failed (2: No such file or directory), client: 172.23.0.1, server: _, request: "GET /favicon.ico HTTP/1.1", host: "127.0.0.1:8081", referrer: "http://127.0.0.1:8081/"
2020/01/16 00:14:08 [error] 9#0: *2 open() "/usr/share/nginx/html/index.html" failed (2: No such file or directory), client: 172.23.0.1, server: _, request: "GET /index.html HTTP/1.1", host: "127.0.0.1:8081"
2020/01/16 00:17:51 [error] 9#0: *2 directory index of "/usr/share/nginx/html/" is forbidden, client: 172.24.0.1, server: _, request: "GET / HTTP/1.1", host: "dolphin-72.com:8081"
2020/01/16 00:17:52 [error] 9#0: *2 open() "/usr/share/nginx/html/favicon.ico" failed (2: No such file or directory), client: 172.24.0.1, server: _, request: "GET /favicon.ico HTTP/1.1", host: "dolphin-72.com:8081", referrer: "http://dolphin-72.com:8081/"
2020/01/16 00:19:27 [error] 29#0: *2 directory index of "/usr/share/nginx/html/" is forbidden, client: 172.24.0.1, server: _, request: "GET / HTTP/1.1", host: "dolphin-72.com:8081"
2020/01/16 00:19:28 [error] 29#0: *2 directory index of "/usr/share/nginx/html/" is forbidden, client: 172.24.0.1, server: _, request: "GET / HTTP/1.1", host: "dolphin-72.com:8081"
2020/01/16 00:19:29 [error] 29#0: *2 directory index of "/usr/share/nginx/html/" is forbidden, client: 172.24.0.1, server: _, request: "GET / HTTP/1.1", host: "dolphin-72.com:8081"
2020/01/16 00:19:29 [error] 29#0: *2 directory index of "/usr/share/nginx/html/" is forbidden, client: 172.24.0.1, server: _, request: "GET / HTTP/1.1", host: "dolphin-72.com:8081"
2020/01/16 00:19:29 [error] 29#0: *2 directory index of "/usr/share/nginx/html/" is forbidden, client: 172.24.0.1, server: _, request: "GET / HTTP/1.1", host: "dolphin-72.com:8081"
2020/01/16 00:19:38 [error] 29#0: *2 directory index of "/usr/share/nginx/html/" is forbidden, client: 172.24.0.1, server: _, request: "GET / HTTP/1.1", host: "dolphin-72.com:8081"
2020/01/16 00:19:58 [error] 29#0: *2 open() "/usr/share/nginx/html/index.php" failed (2: No such file or directory), client: 172.24.0.1, server: _, request: "GET /index.php HTTP/1.1", host: "dolphin-72.com:8081"
2020/01/16 00:20:01 [error] 30#0: *4 open() "/usr/share/nginx/html/index.html" failed (2: No such file or directory), client: 172.24.0.1, server: _, request: "GET /index.html HTTP/1.1", host: "dolphin-72.com:8081"
2020/01/16 00:20:08 [error] 30#0: *5 open() "/usr/share/nginx/html/index.html" failed (2: No such file or directory), client: 172.24.0.1, server: _, request: "GET /index.html HTTP/1.1", host: "127.0.0.1:8081"
2020/01/16 00:20:11 [error] 30#0: *5 open() "/usr/share/nginx/html/index.php" failed (2: No such file or directory), client: 172.24.0.1, server: _, request: "GET /index.php HTTP/1.1", host: "127.0.0.1:8081"
2020/01/16 00:29:28 [error] 29#0: *8 directory index of "/usr/share/nginx/html/" is forbidden, client: 172.24.0.1, server: _, request: "GET / HTTP/1.1", host: "127.0.0.1:8081"
2020/01/16 00:35:07 [crit] 8#0: pread() "/etc/nginx/nginx.conf" failed (21: Is a directory)
2020/01/16 00:35:08 [crit] 9#0: pread() "/etc/nginx/nginx.conf" failed (21: Is a directory)
2020/01/16 00:35:10 [crit] 10#0: pread() "/etc/nginx/nginx.conf" failed (21: Is a directory)
2020/01/16 00:35:13 [crit] 11#0: pread() "/etc/nginx/nginx.conf" failed (21: Is a directory)
2020/01/16 00:36:26 [crit] 32#0: pread() "/etc/nginx/nginx.conf" failed (21: Is a directory)
2020/01/16 00:36:28 [crit] 33#0: pread() "/etc/nginx/nginx.conf" failed (21: Is a directory)
2020/01/16 00:36:30 [crit] 34#0: pread() "/etc/nginx/nginx.conf" failed (21: Is a directory)
2020/01/16 00:36:33 [crit] 36#0: pread() "/etc/nginx/nginx.conf" failed (21: Is a directory)
2020/01/16 00:38:04 [crit] 8#0: pread() "/etc/nginx/nginx.conf" failed (21: Is a directory)
2020/01/16 00:38:05 [crit] 9#0: pread() "/etc/nginx/nginx.conf" failed (21: Is a directory)
2020/01/16 00:38:07 [crit] 26#0: pread() "/etc/nginx/nginx.conf" failed (21: Is a directory)
2020/01/16 00:38:10 [crit] 27#0: pread() "/etc/nginx/nginx.conf" failed (21: Is a directory)
2020/01/16 00:38:59 [error] 26#0: *2 recv() failed (104: Connection reset by peer) while reading response header from upstream, client: 172.29.0.1, server: dolphin-72.com, request: "GET / HTTP/1.1", upstream: "fastcgi://172.29.0.2:9000", host: "127.0.0.1:8086"
2020/01/16 00:38:59 [error] 26#0: *2 open() "/var/www/dosight/nginx-logo.png" failed (2: No such file or directory), client: 172.29.0.1, server: dolphin-72.com, request: "GET /nginx-logo.png HTTP/1.1", host: "127.0.0.1:8086", referrer: "http://127.0.0.1:8086/"
2020/01/16 00:38:59 [error] 26#0: *1 open() "/var/www/dosight/poweredby.png" failed (2: No such file or directory), client: 172.29.0.1, server: dolphin-72.com, request: "GET /poweredby.png HTTP/1.1", host: "127.0.0.1:8086", referrer: "http://127.0.0.1:8086/"
2020/01/16 00:38:59 [error] 26#0: *1 open() "/var/www/dosight/favicon.ico" failed (2: No such file or directory), client: 172.29.0.1, server: dolphin-72.com, request: "GET /favicon.ico HTTP/1.1", host: "127.0.0.1:8086", referrer: "http://127.0.0.1:8086/"
2020/01/16 00:42:10 [error] 25#0: *5 recv() failed (104: Connection reset by peer) while reading response header from upstream, client: 172.29.0.1, server: dolphin-72.com, request: "GET / HTTP/1.1", upstream: "fastcgi://172.29.0.2:9000", host: "127.0.0.1:8086"
2020/01/16 00:42:10 [error] 25#0: *4 open() "/var/www/dosight/poweredby.png" failed (2: No such file or directory), client: 172.29.0.1, server: dolphin-72.com, request: "GET /poweredby.png HTTP/1.1", host: "127.0.0.1:8086", referrer: "http://127.0.0.1:8086/"
2020/01/16 00:42:10 [error] 25#0: *5 open() "/var/www/dosight/nginx-logo.png" failed (2: No such file or directory), client: 172.29.0.1, server: dolphin-72.com, request: "GET /nginx-logo.png HTTP/1.1", host: "127.0.0.1:8086", referrer: "http://127.0.0.1:8086/"
2020/01/16 00:43:29 [error] 26#0: *8 recv() failed (104: Connection reset by peer) while reading response header from upstream, client: 172.29.0.1, server: dolphin-72.com, request: "GET / HTTP/1.1", upstream: "fastcgi://172.29.0.2:9000", host: "127.0.0.1:8086"
2020/01/16 00:43:29 [error] 25#0: *7 open() "/var/www/dosight/poweredby.png" failed (2: No such file or directory), client: 172.29.0.1, server: dolphin-72.com, request: "GET /poweredby.png HTTP/1.1", host: "127.0.0.1:8086", referrer: "http://127.0.0.1:8086/"
2020/01/16 00:43:29 [error] 26#0: *8 open() "/var/www/dosight/nginx-logo.png" failed (2: No such file or directory), client: 172.29.0.1, server: dolphin-72.com, request: "GET /nginx-logo.png HTTP/1.1", host: "127.0.0.1:8086", referrer: "http://127.0.0.1:8086/"
2020/01/16 00:52:40 [error] 10#0: *2 upstream prematurely closed connection while reading response header from upstream, client: 192.168.32.1, server: dolphin-72.com, request: "GET / HTTP/1.1", upstream: "fastcgi://192.168.32.2:9000", host: "127.0.0.1:8086"
2020/01/16 00:52:41 [error] 10#0: *1 open() "/var/www/dosight/poweredby.png" failed (2: No such file or directory), client: 192.168.32.1, server: dolphin-72.com, request: "GET /poweredby.png HTTP/1.1", host: "127.0.0.1:8086", referrer: "http://127.0.0.1:8086/"
2020/01/16 00:52:41 [error] 10#0: *2 open() "/var/www/dosight/nginx-logo.png" failed (2: No such file or directory), client: 192.168.32.1, server: dolphin-72.com, request: "GET /nginx-logo.png HTTP/1.1", host: "127.0.0.1:8086", referrer: "http://127.0.0.1:8086/"
2020/01/16 01:08:43 [error] 10#0: *2 recv() failed (104: Connection reset by peer) while reading response header from upstream, client: 192.168.48.1, server: dolphin-72.com, request: "GET / HTTP/1.1", upstream: "fastcgi://192.168.48.2:9000", host: "127.0.0.1:8086"
2020/01/16 01:08:43 [error] 10#0: *2 open() "/var/www/dosight/nginx-logo.png" failed (2: No such file or directory), client: 192.168.48.1, server: dolphin-72.com, request: "GET /nginx-logo.png HTTP/1.1", host: "127.0.0.1:8086", referrer: "http://127.0.0.1:8086/"
2020/01/16 01:08:43 [error] 10#0: *2 open() "/var/www/dosight/poweredby.png" failed (2: No such file or directory), client: 192.168.48.1, server: dolphin-72.com, request: "GET /poweredby.png HTTP/1.1", host: "127.0.0.1:8086", referrer: "http://127.0.0.1:8086/"
2020/01/16 01:08:44 [error] 10#0: *2 recv() failed (104: Connection reset by peer) while reading response header from upstream, client: 192.168.48.1, server: dolphin-72.com, request: "GET / HTTP/1.1", upstream: "fastcgi://192.168.48.2:9000", host: "127.0.0.1:8086"
2020/01/16 01:08:44 [error] 10#0: *2 open() "/var/www/dosight/nginx-logo.png" failed (2: No such file or directory), client: 192.168.48.1, server: dolphin-72.com, request: "GET /nginx-logo.png HTTP/1.1", host: "127.0.0.1:8086", referrer: "http://127.0.0.1:8086/"
2020/01/16 01:08:44 [error] 9#0: *1 open() "/var/www/dosight/poweredby.png" failed (2: No such file or directory), client: 192.168.48.1, server: dolphin-72.com, request: "GET /poweredby.png HTTP/1.1", host: "127.0.0.1:8086", referrer: "http://127.0.0.1:8086/"
2020/01/16 01:08:52 [error] 9#0: *1 open() "/var/www/dosight/index.pp" failed (2: No such file or directory), client: 192.168.48.1, server: dolphin-72.com, request: "GET /index.pp HTTP/1.1", host: "127.0.0.1:8086"
2020/01/16 01:08:58 [error] 9#0: *1 recv() failed (104: Connection reset by peer) while reading response header from upstream, client: 192.168.48.1, server: dolphin-72.com, request: "GET /index.php HTTP/1.1", upstream: "fastcgi://192.168.48.2:9000", host: "127.0.0.1:8086"
2020/01/16 01:08:58 [error] 9#0: *1 open() "/var/www/dosight/nginx-logo.png" failed (2: No such file or directory), client: 192.168.48.1, server: dolphin-72.com, request: "GET /nginx-logo.png HTTP/1.1", host: "127.0.0.1:8086", referrer: "http://127.0.0.1:8086/index.php"
2020/01/16 01:08:58 [error] 10#0: *2 open() "/var/www/dosight/poweredby.png" failed (2: No such file or directory), client: 192.168.48.1, server: dolphin-72.com, request: "GET /poweredby.png HTTP/1.1", host: "127.0.0.1:8086", referrer: "http://127.0.0.1:8086/index.php"
